2026-10-05 00:07:28,042 - aqt.main - INFO - installer 140528517045120 aqtinstall(aqt) v3.1.21 on Python 3.12.14 [CPython GCC 13.3.0]
2026-10-05 00:07:28,270 - aqt.main - INFO - installer 140279687826304 aqtinstall(aqt) v3.1.21 on Python 3.12.14 [CPython GCC 13.3.0]
2026-10-05 00:07:28,270 - aqt.helper - DEBUG - helper 140279687826304 Attempt to download checksum at https://download.qt.io/online/qtsdkrepository/linux_x64/desktop/qt6_683/qt6_683/Updates.xml.sha256
2026-10-05 00:07:29,466 - aqt.helper - DEBUG - helper 140279687826304 Attempt to download checksum at https://download.qt.io/online/qtsdkrepository/linux_x64/extensions/qtwebengine/683/x86_64/Updates.xml.sha256
2026-10-05 00:07:30,652 - aqt.archives - INFO - archives 140279687826304 Found extension qtwebengine
2026-10-05 00:07:30,653 - aqt.helper - DEBUG - helper 140279687826304 Attempt to download checksum at https://download.qt.io/online/qtsdkrepository/linux_x64/extensions/qtpdf/683/x86_64/Updates.xml.sha256
2026-10-05 00:07:31,772 - aqt.archives - INFO - archives 140279687826304 Found extension qtpdf
2026-10-05 00:07:32,244 - aqt.helper - DEBUG - helper 139986159852416 Attempt to download checksum at https://download.qt.io/online/qtsdkrepository/linux_x64/desktop/qt6_683/qt6_683/qt.qt6.683.linux_gcc_64/6.8.3-0-202503201345qtbase-Linux-RHEL_8_10-GCC-Linux-RHEL_8_10-X86_64.7z.sha256
2026-10-05 00:07:32,247 - aqt.helper - DEBUG - helper 140153792920448 Attempt to download checksum at https://download.qt.io/online/qtsdkrepository/linux_x64/desktop/qt6_683/qt6_683/qt.qt6.683.linux_gcc_64/6.8.3-0-202503201345qtsvg-Linux-RHEL_8_10-GCC-Linux-RHEL_8_10-X86_64.7z.sha256
2026-10-05 00:07:32,258 - aqt.helper - DEBUG - helper 139902168763264 Attempt to download checksum at https://download.qt.io/online/qtsdkrepository/linux_x64/desktop/qt6_683/qt6_683/qt.qt6.683.linux_gcc_64/6.8.3-0-202503201345qtdeclarative-Linux-RHEL_8_10-GCC-Linux-RHEL_8_10-X86_64.7z.sha256
2026-10-05 00:07:32,261 - aqt.helper - DEBUG - helper 139634205506432 Attempt to download checksum at https://download.qt.io/online/qtsdkrepository/linux_x64/desktop/qt6_683/qt6_683/qt.qt6.683.linux_gcc_64/6.8.3-0-202503201345qttools-Linux-RHEL_8_10-GCC-Linux-RHEL_8_10-X86_64.7z.sha256
2026-10-05 00:07:32,802 - aqt.helper - INFO - helper 139986159852416 Downloading qtbase...
2026-10-05 00:07:32,802 - aqt.installer - DEBUG - installer 139986159852416 Download URL: https://download.qt.io/online/qtsdkrepository/linux_x64/desktop/qt6_683/qt6_683/qt.qt6.683.linux_gcc_64/6.8.3-0-202503201345qtbase-Linux-RHEL_8_10-GCC-Linux-RHEL_8_10-X86_64.7z
2026-10-05 00:07:33,000 - aqt.helper - INFO - helper 139634205506432 Downloading qttools...
2026-10-05 00:07:33,000 - aqt.installer - DEBUG - installer 139634205506432 Download URL: https://download.qt.io/online/qtsdkrepository/linux_x64/desktop/qt6_683/qt6_683/qt.qt6.683.linux_gcc_64/6.8.3-0-202503201345qttools-Linux-RHEL_8_10-GCC-Linux-RHEL_8_10-X86_64.7z
2026-10-05 00:07:33,025 - aqt.helper - INFO - helper 139902168763264 Downloading qtdeclarative...
2026-10-05 00:07:33,026 - aqt.installer - DEBUG - installer 139902168763264 Download URL: https://download.qt.io/online/qtsdkrepository/linux_x64/desktop/qt6_683/qt6_683/qt.qt6.683.linux_gcc_64/6.8.3-0-202503201345qtdeclarative-Linux-RHEL_8_10-GCC-Linux-RHEL_8_10-X86_64.7z
2026-10-05 00:07:33,031 - aqt.helper - INFO - helper 140153792920448 Downloading qtsvg...
2026-10-05 00:07:33,031 - aqt.installer - DEBUG - installer 140153792920448 Download URL: https://download.qt.io/online/qtsdkrepository/linux_x64/desktop/qt6_683/qt6_683/qt.qt6.683.linux_gcc_64/6.8.3-0-202503201345qtsvg-Linux-RHEL_8_10-GCC-Linux-RHEL_8_10-X86_64.7z
2026-10-05 00:07:33,374 - aqt.helper - DEBUG - helper 139986159852416 Asked to redirect(302) to: https://qt.mirror.constant.com/online/qtsdkrepository/linux_x64/desktop/qt6_683/qt6_683/qt.qt6.683.linux_gcc_64/6.8.3-0-202503201345qtbase-Linux-RHEL_8_10-GCC-Linux-RHEL_8_10-X86_64.7z
2026-10-05 00:07:33,374 - aqt.helper - INFO - helper 139986159852416 Redirected: qt.mirror.constant.com
2026-10-05 00:07:33,629 - aqt.helper - DEBUG - helper 139902168763264 Asked to redirect(302) to: https://qt.mirror.constant.com/online/qtsdkrepository/linux_x64/desktop/qt6_683/qt6_683/qt.qt6.683.linux_gcc_64/6.8.3-0-202503201345qtdeclarative-Linux-RHEL_8_10-GCC-Linux-RHEL_8_10-X86_64.7z
2026-10-05 00:07:33,629 - aqt.helper - INFO - helper 139902168763264 Redirected: qt.mirror.constant.com
2026-10-05 00:07:33,634 - aqt.helper - DEBUG - helper 140153792920448 Asked to redirect(302) to: https://qt.mirror.constant.com/online/qtsdkrepository/linux_x64/desktop/qt6_683/qt6_683/qt.qt6.683.linux_gcc_64/6.8.3-0-202503201345qtsvg-Linux-RHEL_8_10-GCC-Linux-RHEL_8_10-X86_64.7z
2026-10-05 00:07:33,634 - aqt.helper - INFO - helper 140153792920448 Redirected: qt.mirror.constant.com
2026-10-05 00:07:33,637 - aqt.helper - DEBUG - helper 139634205506432 Asked to redirect(302) to: https://qt.mirror.constant.com/online/qtsdkrepository/linux_x64/desktop/qt6_683/qt6_683/qt.qt6.683.linux_gcc_64/6.8.3-0-202503201345qttools-Linux-RHEL_8_10-GCC-Linux-RHEL_8_10-X86_64.7z
2026-10-05 00:07:33,638 - aqt.helper - INFO - helper 139634205506432 Redirected: qt.mirror.constant.com
2026-10-05 00:07:34,083 - aqt.installer - INFO - installer 140153792920448 Finished installation of qtsvg-Linux-RHEL_8_10-GCC-Linux-RHEL_8_10-X86_64.7z in 1.83928124
2026-10-05 00:07:34,097 - aqt.helper - DEBUG - helper 140153792920448 Attempt to download checksum at https://download.qt.io/online/qtsdkrepository/linux_x64/desktop/qt6_683/qt6_683/qt.qt6.683.linux_gcc_64/6.8.3-0-202503201345qttranslations-Linux-RHEL_8_10-GCC-Linux-RHEL_8_10-X86_64.7z.sha256
2026-10-05 00:07:34,657 - aqt.helper - INFO - helper 140153792920448 Downloading qttranslations...
2026-10-05 00:07:34,657 - aqt.installer - DEBUG - installer 140153792920448 Download URL: https://download.qt.io/online/qtsdkrepository/linux_x64/desktop/qt6_683/qt6_683/qt.qt6.683.linux_gcc_64/6.8.3-0-202503201345qttranslations-Linux-RHEL_8_10-GCC-Linux-RHEL_8_10-X86_64.7z
2026-10-05 00:07:35,228 - aqt.helper - DEBUG - helper 140153792920448 Asked to redirect(302) to: https://qt.mirror.constant.com/online/qtsdkrepository/linux_x64/desktop/qt6_683/qt6_683/qt.qt6.683.linux_gcc_64/6.8.3-0-202503201345qttranslations-Linux-RHEL_8_10-GCC-Linux-RHEL_8_10-X86_64.7z
2026-10-05 00:07:35,228 - aqt.helper - INFO - helper 140153792920448 Redirected: qt.mirror.constant.com
2026-10-05 00:07:36,691 - aqt.installer - INFO - installer 140153792920448 Finished installation of qttranslations-Linux-RHEL_8_10-GCC-Linux-RHEL_8_10-X86_64.7z in 2.59483376
2026-10-05 00:07:36,713 - aqt.helper - DEBUG - helper 140153792920448 Attempt to download checksum at https://download.qt.io/online/qtsdkrepository/linux_x64/desktop/qt6_683/qt6_683/qt.qt6.683.linux_gcc_64/6.8.3-0-202503201345qtwayland-Linux-RHEL_8_10-GCC-Linux-RHEL_8_10-X86_64.7z.sha256
2026-10-05 00:07:37,291 - aqt.helper - INFO - helper 140153792920448 Downloading qtwayland...
2026-10-05 00:07:37,292 - aqt.installer - DEBUG - installer 140153792920448 Download URL: https://download.qt.io/online/qtsdkrepository/linux_x64/desktop/qt6_683/qt6_683/qt.qt6.683.linux_gcc_64/6.8.3-0-202503201345qtwayland-Linux-RHEL_8_10-GCC-Linux-RHEL_8_10-X86_64.7z
2026-10-05 00:07:37,805 - aqt.installer - INFO - installer 139986159852416 Finished installation of qtbase-Linux-RHEL_8_10-GCC-Linux-RHEL_8_10-X86_64.7z in 5.56355279
2026-10-05 00:07:37,821 - aqt.helper - DEBUG - helper 139986159852416 Attempt to download checksum at https://download.qt.io/online/qtsdkrepository/linux_x64/desktop/qt6_683/qt6_683/qt.qt6.683.linux_gcc_64/6.8.3-0-202503201345icu-linux-Rhel8.6-x86_64.7z.sha256
2026-10-05 00:07:37,932 - aqt.helper - DEBUG - helper 140153792920448 Asked to redirect(302) to: https://qt.mirror.constant.com/online/qtsdkrepository/linux_x64/desktop/qt6_683/qt6_683/qt.qt6.683.linux_gcc_64/6.8.3-0-202503201345qtwayland-Linux-RHEL_8_10-GCC-Linux-RHEL_8_10-X86_64.7z
2026-10-05 00:07:37,932 - aqt.helper - INFO - helper 140153792920448 Redirected: qt.mirror.constant.com
2026-10-05 00:07:38,200 - aqt.installer - INFO - installer 139634205506432 Finished installation of qttools-Linux-RHEL_8_10-GCC-Linux-RHEL_8_10-X86_64.7z in 5.94148930
2026-10-05 00:07:38,392 - aqt.helper - INFO - helper 139986159852416 Downloading icu...
2026-10-05 00:07:38,393 - aqt.installer - DEBUG - installer 139986159852416 Download URL: https://download.qt.io/online/qtsdkrepository/linux_x64/desktop/qt6_683/qt6_683/qt.qt6.683.linux_gcc_64/6.8.3-0-202503201345icu-linux-Rhel8.6-x86_64.7z
2026-10-05 00:07:38,557 - aqt.installer - INFO - installer 140153792920448 Finished installation of qtwayland-Linux-RHEL_8_10-GCC-Linux-RHEL_8_10-X86_64.7z in 1.84667459
2026-10-05 00:07:38,970 - aqt.helper - DEBUG - helper 139986159852416 Asked to redirect(302) to: https://qt.mirror.constant.com/online/qtsdkrepository/linux_x64/desktop/qt6_683/qt6_683/qt.qt6.683.linux_gcc_64/6.8.3-0-202503201345icu-linux-Rhel8.6-x86_64.7z
2026-10-05 00:07:38,970 - aqt.helper - INFO - helper 139986159852416 Redirected: qt.mirror.constant.com
2026-10-05 00:07:40,420 - aqt.installer - INFO - installer 139986159852416 Finished installation of icu-linux-Rhel8.6-x86_64.7z in 2.60047489
2026-10-05 00:07:47,152 - aqt.installer - INFO - installer 139902168763264 Finished installation of qtdeclarative-Linux-RHEL_8_10-GCC-Linux-RHEL_8_10-X86_64.7z in 14.89606570
2026-10-05 00:07:47,242 - aqt.updater - INFO - updater 140279687826304 Patching /home/runner/work/FreeCAD/Qt/6.8.3/gcc_64/bin/qmake
2026-10-05 00:07:47,246 - aqt.updater - INFO - updater 140279687826304 Patching /home/runner/work/FreeCAD/Qt/6.8.3/gcc_64/lib/pkgconfig/Qt6QuickControls2Imagine.pc
2026-10-05 00:07:47,246 - aqt.updater - INFO - updater 140279687826304 Patching /home/runner/work/FreeCAD/Qt/6.8.3/gcc_64/lib/pkgconfig/Qt6PrintSupport.pc
2026-10-05 00:07:47,247 - aqt.updater - INFO - updater 140279687826304 Patching /home/runner/work/FreeCAD/Qt/6.8.3/gcc_64/lib/pkgconfig/Qt6QuickDialogs2.pc
2026-10-05 00:07:47,247 - aqt.updater - INFO - updater 140279687826304 Patching /home/runner/work/FreeCAD/Qt/6.8.3/gcc_64/lib/pkgconfig/Qt6LabsAnimation.pc
2026-10-05 00:07:47,247 - aqt.updater - INFO - updater 140279687826304 Patching /home/runner/work/FreeCAD/Qt/6.8.3/gcc_64/lib/pkgconfig/Qt6QuickControls2BasicStyleImpl.pc
2026-10-05 00:07:47,247 - aqt.updater - INFO - updater 140279687826304 Patching /home/runner/work/FreeCAD/Qt/6.8.3/gcc_64/lib/pkgconfig/Qt6Svg.pc
2026-10-05 00:07:47,248 - aqt.updater - INFO - updater 140279687826304 Patching /home/runner/work/FreeCAD/Qt/6.8.3/gcc_64/lib/pkgconfig/Qt6QuickVectorImage.pc
2026-10-05 00:07:47,248 - aqt.updater - INFO - updater 140279687826304 Patching /home/runner/work/FreeCAD/Qt/6.8.3/gcc_64/lib/pkgconfig/Qt6Widgets.pc
2026-10-05 00:07:47,248 - aqt.updater - INFO - updater 140279687826304 Patching /home/runner/work/FreeCAD/Qt/6.8.3/gcc_64/lib/pkgconfig/Qt6QmlCore.pc
2026-10-05 00:07:47,248 - aqt.updater - INFO - updater 140279687826304 Patching /home/runner/work/FreeCAD/Qt/6.8.3/gcc_64/lib/pkgconfig/Qt6SvgWidgets.pc
2026-10-05 00:07:47,249 - aqt.updater - INFO - updater 140279687826304 Patching /home/runner/work/FreeCAD/Qt/6.8.3/gcc_64/lib/pkgconfig/Qt6Designer.pc
2026-10-05 00:07:47,249 - aqt.updater - INFO - updater 140279687826304 Patching /home/runner/work/FreeCAD/Qt/6.8.3/gcc_64/lib/pkgconfig/Qt6UiTools.pc
2026-10-05 00:07:47,250 - aqt.updater - INFO - updater 140279687826304 Patching /home/runner/work/FreeCAD/Qt/6.8.3/gcc_64/lib/pkgconfig/Qt6UiPlugin.pc
2026-10-05 00:07:47,250 - aqt.updater - INFO - updater 140279687826304 Patching /home/runner/work/FreeCAD/Qt/6.8.3/gcc_64/lib/pkgconfig/Qt6QmlCompiler.pc
2026-10-05 00:07:47,250 - aqt.updater - INFO - updater 140279687826304 Patching /home/runner/work/FreeCAD/Qt/6.8.3/gcc_64/lib/pkgconfig/Qt6LabsFolderListModel.pc
2026-10-05 00:07:47,250 - aqt.updater - INFO - updater 140279687826304 Patching /home/runner/work/FreeCAD/Qt/6.8.3/gcc_64/lib/pkgconfig/Qt6Linguist.pc
2026-10-05 00:07:47,251 - aqt.updater - INFO - updater 140279687826304 Patching /home/runner/work/FreeCAD/Qt/6.8.3/gcc_64/lib/pkgconfig/Qt6QuickControls2Universal.pc
2026-10-05 00:07:47,251 - aqt.updater - INFO - updater 140279687826304 Patching /home/runner/work/FreeCAD/Qt/6.8.3/gcc_64/lib/pkgconfig/Qt6Sql.pc
2026-10-05 00:07:47,251 - aqt.updater - INFO - updater 140279687826304 Patching /home/runner/work/FreeCAD/Qt/6.8.3/gcc_64/lib/pkgconfig/Qt6OpenGLWidgets.pc
2026-10-05 00:07:47,252 - aqt.updater - INFO - updater 140279687826304 Patching /home/runner/work/FreeCAD/Qt/6.8.3/gcc_64/lib/pkgconfig/Qt6QuickControls2Basic.pc
2026-10-05 00:07:47,252 - aqt.updater - INFO - updater 140279687826304 Patching /home/runner/work/FreeCAD/Qt/6.8.3/gcc_64/lib/pkgconfig/Qt6LabsPlatform.pc
2026-10-05 00:07:47,252 - aqt.updater - INFO - updater 140279687826304 Patching /home/runner/work/FreeCAD/Qt/6.8.3/gcc_64/lib/pkgconfig/Qt6QmlIntegration.pc
2026-10-05 00:07:47,252 - aqt.updater - INFO - updater 140279687826304 Patching /home/runner/work/FreeCAD/Qt/6.8.3/gcc_64/lib/pkgconfig/Qt6QuickControls2FusionStyleImpl.pc
2026-10-05 00:07:47,253 - aqt.updater - INFO - updater 140279687826304 Patching /home/runner/work/FreeCAD/Qt/6.8.3/gcc_64/lib/pkgconfig/Qt6QmlWorkerScript.pc
2026-10-05 00:07:47,253 - aqt.updater - INFO - updater 140279687826304 Patching /home/runner/work/FreeCAD/Qt/6.8.3/gcc_64/lib/pkgconfig/Qt6Platform.pc
2026-10-05 00:07:47,253 - aqt.updater - INFO - updater 140279687826304 Patching /home/runner/work/FreeCAD/Qt/6.8.3/gcc_64/lib/pkgconfig/Qt6QmlAssetDownloader.pc
2026-10-05 00:07:47,253 - aqt.updater - INFO - updater 140279687826304 Patching /home/runner/work/FreeCAD/Qt/6.8.3/gcc_64/lib/pkgconfig/Qt6Test.pc
2026-10-05 00:07:47,254 - aqt.updater - INFO - updater 140279687826304 Patching /home/runner/work/FreeCAD/Qt/6.8.3/gcc_64/lib/pkgconfig/Qt6QmlNetwork.pc
2026-10-05 00:07:47,254 - aqt.updater - INFO - updater 140279687826304 Patching /home/runner/work/FreeCAD/Qt/6.8.3/gcc_64/lib/pkgconfig/Qt6QmlModels.pc
2026-10-05 00:07:47,254 - aqt.updater - INFO - updater 140279687826304 Patching /home/runner/work/FreeCAD/Qt/6.8.3/gcc_64/lib/pkgconfig/Qt6LabsQmlModels.pc
2026-10-05 00:07:47,254 - aqt.updater - INFO - updater 140279687826304 Patching /home/runner/work/FreeCAD/Qt/6.8.3/gcc_64/lib/pkgconfig/Qt6QuickDialogs2Utils.pc
2026-10-05 00:07:47,255 - aqt.updater - INFO - updater 140279687826304 Patching /home/runner/work/FreeCAD/Qt/6.8.3/gcc_64/lib/pkgconfig/Qt6Network.pc
2026-10-05 00:07:47,255 - aqt.updater - INFO - updater 140279687826304 Patching /home/runner/work/FreeCAD/Qt/6.8.3/gcc_64/lib/pkgconfig/Qt6QuickControls2Material.pc
2026-10-05 00:07:47,255 - aqt.updater - INFO - updater 140279687826304 Patching /home/runner/work/FreeCAD/Qt/6.8.3/gcc_64/lib/pkgconfig/Qt6WaylandClient.pc
2026-10-05 00:07:47,255 - aqt.updater - INFO - updater 140279687826304 Patching /home/runner/work/FreeCAD/Qt/6.8.3/gcc_64/lib/pkgconfig/Qt6LabsSharedImage.pc
2026-10-05 00:07:47,256 - aqt.updater - INFO - updater 140279687826304 Patching /home/runner/work/FreeCAD/Qt/6.8.3/gcc_64/lib/pkgconfig/Qt6QuickControls2ImagineStyleImpl.pc
2026-10-05 00:07:47,256 - aqt.updater - INFO - updater 140279687826304 Patching /home/runner/work/FreeCAD/Qt/6.8.3/gcc_64/lib/pkgconfig/Qt6QuickControls2Impl.pc
2026-10-05 00:07:47,256 - aqt.updater - INFO - updater 140279687826304 Patching /home/runner/work/FreeCAD/Qt/6.8.3/gcc_64/lib/pkgconfig/Qt6QuickDialogs2QuickImpl.pc
2026-10-05 00:07:47,256 - aqt.updater - INFO - updater 140279687826304 Patching /home/runner/work/FreeCAD/Qt/6.8.3/gcc_64/lib/pkgconfig/Qt6Help.pc
2026-10-05 00:07:47,257 - aqt.updater - INFO - updater 140279687826304 Patching /home/runner/work/FreeCAD/Qt/6.8.3/gcc_64/lib/pkgconfig/Qt6LabsWavefrontMesh.pc
2026-10-05 00:07:47,257 - aqt.updater - INFO - updater 140279687826304 Patching /home/runner/work/FreeCAD/Qt/6.8.3/gcc_64/lib/pkgconfig/Qt6LabsSettings.pc
2026-10-05 00:07:47,257 - aqt.updater - INFO - updater 140279687826304 Patching /home/runner/work/FreeCAD/Qt/6.8.3/gcc_64/lib/pkgconfig/Qt6Qml.pc
2026-10-05 00:07:47,257 - aqt.updater - INFO - updater 140279687826304 Patching /home/runner/work/FreeCAD/Qt/6.8.3/gcc_64/lib/pkgconfig/Qt6QuickTemplates2.pc
2026-10-05 00:07:47,258 - aqt.updater - INFO - updater 140279687826304 Patching /home/runner/work/FreeCAD/Qt/6.8.3/gcc_64/lib/pkgconfig/Qt6Quick.pc
2026-10-05 00:07:47,258 - aqt.updater - INFO - updater 140279687826304 Patching /home/runner/work/FreeCAD/Qt/6.8.3/gcc_64/lib/pkgconfig/Qt6QmlLocalStorage.pc
2026-10-05 00:07:47,258 - aqt.updater - INFO - updater 140279687826304 Patching /home/runner/work/FreeCAD/Qt/6.8.3/gcc_64/lib/pkgconfig/Qt6Core.pc
2026-10-05 00:07:47,258 - aqt.updater - INFO - updater 140279687826304 Patching /home/runner/work/FreeCAD/Qt/6.8.3/gcc_64/lib/pkgconfig/Qt6QuickControls2MaterialStyleImpl.pc
2026-10-05 00:07:47,259 - aqt.updater - INFO - updater 140279687826304 Patching /home/runner/work/FreeCAD/Qt/6.8.3/gcc_64/lib/pkgconfig/Qt6QuickLayouts.pc
2026-10-05 00:07:47,259 - aqt.updater - INFO - updater 140279687826304 Patching /home/runner/work/FreeCAD/Qt/6.8.3/gcc_64/lib/pkgconfig/Qt6Gui.pc
2026-10-05 00:07:47,259 - aqt.updater - INFO - updater 140279687826304 Patching /home/runner/work/FreeCAD/Qt/6.8.3/gcc_64/lib/pkgconfig/Qt6QuickControls2FluentWinUI3StyleImpl.pc
2026-10-05 00:07:47,259 - aqt.updater - INFO - updater 140279687826304 Patching /home/runner/work/FreeCAD/Qt/6.8.3/gcc_64/lib/pkgconfig/Qt6DBus.pc
2026-10-05 00:07:47,260 - aqt.updater - INFO - updater 140279687826304 Patching /home/runner/work/FreeCAD/Qt/6.8.3/gcc_64/lib/pkgconfig/Qt6QuickTest.pc
2026-10-05 00:07:47,260 - aqt.updater - INFO - updater 140279687826304 Patching /home/runner/work/FreeCAD/Qt/6.8.3/gcc_64/lib/pkgconfig/Qt6QuickControls2.pc
2026-10-05 00:07:47,260 - aqt.updater - INFO - updater 140279687826304 Patching /home/runner/work/FreeCAD/Qt/6.8.3/gcc_64/lib/pkgconfig/Qt6OpenGL.pc
2026-10-05 00:07:47,260 - aqt.updater - INFO - updater 140279687826304 Patching /home/runner/work/FreeCAD/Qt/6.8.3/gcc_64/lib/pkgconfig/Qt6QuickControls2Fusion.pc
2026-10-05 00:07:47,261 - aqt.updater - INFO - updater 140279687826304 Patching /home/runner/work/FreeCAD/Qt/6.8.3/gcc_64/lib/pkgconfig/Qt6QuickControls2UniversalStyleImpl.pc
2026-10-05 00:07:47,261 - aqt.updater - INFO - updater 140279687826304 Patching /home/runner/work/FreeCAD/Qt/6.8.3/gcc_64/lib/pkgconfig/Qt6QmlXmlListModel.pc
2026-10-05 00:07:47,261 - aqt.updater - INFO - updater 140279687826304 Patching /home/runner/work/FreeCAD/Qt/6.8.3/gcc_64/lib/pkgconfig/Qt6Concurrent.pc
2026-10-05 00:07:47,261 - aqt.updater - INFO - updater 140279687826304 Patching /home/runner/work/FreeCAD/Qt/6.8.3/gcc_64/lib/pkgconfig/Qt6QuickWidgets.pc
2026-10-05 00:07:47,262 - aqt.updater - INFO - updater 140279687826304 Patching /home/runner/work/FreeCAD/Qt/6.8.3/gcc_64/lib/pkgconfig/Qt6QmlMeta.pc
2026-10-05 00:07:47,262 - aqt.updater - INFO - updater 140279687826304 Patching /home/runner/work/FreeCAD/Qt/6.8.3/gcc_64/lib/pkgconfig/Qt6Xml.pc
2026-10-05 00:07:47,263 - aqt.updater - INFO - updater 140279687826304 Patching /home/runner/work/FreeCAD/Qt/6.8.3/gcc_64/lib/libQt6KmsSupport.prl
2026-10-05 00:07:47,263 - aqt.updater - INFO - updater 140279687826304 Patching /home/runner/work/FreeCAD/Qt/6.8.3/gcc_64/lib/libQt6Sql.prl
2026-10-05 00:07:47,264 - aqt.updater - INFO - updater 140279687826304 Patching /home/runner/work/FreeCAD/Qt/6.8.3/gcc_64/lib/libQt6WaylandClient.prl
2026-10-05 00:07:47,264 - aqt.updater - INFO - updater 140279687826304 Patching /home/runner/work/FreeCAD/Qt/6.8.3/gcc_64/lib/libQt6LabsQmlModels.prl
2026-10-05 00:07:47,264 - aqt.updater - INFO - updater 140279687826304 Patching /home/runner/work/FreeCAD/Qt/6.8.3/gcc_64/lib/libQt6WaylandEglClientHwIntegration.prl
2026-10-05 00:07:47,265 - aqt.updater - INFO - updater 140279687826304 Patching /home/runner/work/FreeCAD/Qt/6.8.3/gcc_64/lib/libQt6Xml.prl
2026-10-05 00:07:47,265 - aqt.updater - INFO - updater 140279687826304 Patching /home/runner/work/FreeCAD/Qt/6.8.3/gcc_64/lib/libQt6QuickControls2FluentWinUI3StyleImpl.prl
2026-10-05 00:07:47,265 - aqt.updater - INFO - updater 140279687826304 Patching /home/runner/work/FreeCAD/Qt/6.8.3/gcc_64/lib/libQt6QmlXmlListModel.prl
2026-10-05 00:07:47,265 - aqt.updater - INFO - updater 140279687826304 Patching /home/runner/work/FreeCAD/Qt/6.8.3/gcc_64/lib/libQt6ExampleIcons.prl
2026-10-05 00:07:47,266 - aqt.updater - INFO - updater 140279687826304 Patching /home/runner/work/FreeCAD/Qt/6.8.3/gcc_64/lib/libQt6QuickDialogs2QuickImpl.prl
2026-10-05 00:07:47,267 - aqt.updater - INFO - updater 140279687826304 Patching /home/runner/work/FreeCAD/Qt/6.8.3/gcc_64/lib/libQt6QuickControls2Universal.prl
2026-10-05 00:07:47,267 - aqt.updater - INFO - updater 140279687826304 Patching /home/runner/work/FreeCAD/Qt/6.8.3/gcc_64/lib/libQt6QuickControls2FusionStyleImpl.prl
2026-10-05 00:07:47,267 - aqt.updater - INFO - updater 140279687826304 Patching /home/runner/work/FreeCAD/Qt/6.8.3/gcc_64/lib/libQt6QuickTestUtils.prl
2026-10-05 00:07:47,267 - aqt.updater - INFO - updater 140279687826304 Patching /home/runner/work/FreeCAD/Qt/6.8.3/gcc_64/lib/libQt6QuickEffects.prl
2026-10-05 00:07:47,268 - aqt.updater - INFO - updater 140279687826304 Patching /home/runner/work/FreeCAD/Qt/6.8.3/gcc_64/lib/libQt6QuickControls2Basic.prl
2026-10-05 00:07:47,268 - aqt.updater - INFO - updater 140279687826304 Patching /home/runner/work/FreeCAD/Qt/6.8.3/gcc_64/lib/libQt6QuickVectorImage.prl
2026-10-05 00:07:47,268 - aqt.updater - INFO - updater 140279687826304 Patching /home/runner/work/FreeCAD/Qt/6.8.3/gcc_64/lib/libQt6QuickLayouts.prl
2026-10-05 00:07:47,268 - aqt.updater - INFO - updater 140279687826304 Patching /home/runner/work/FreeCAD/Qt/6.8.3/gcc_64/lib/libQt6QuickControls2Fusion.prl
2026-10-05 00:07:47,269 - aqt.updater - INFO - updater 140279687826304 Patching /home/runner/work/FreeCAD/Qt/6.8.3/gcc_64/lib/libQt6QmlWorkerScript.prl
2026-10-05 00:07:47,269 - aqt.updater - INFO - updater 140279687826304 Patching /home/runner/work/FreeCAD/Qt/6.8.3/gcc_64/lib/libQt6QuickControls2ImagineStyleImpl.prl
2026-10-05 00:07:47,269 - aqt.updater - INFO - updater 140279687826304 Patching /home/runner/work/FreeCAD/Qt/6.8.3/gcc_64/lib/libQt6PrintSupport.prl
2026-10-05 00:07:47,269 - aqt.updater - INFO - updater 140279687826304 Patching /home/runner/work/FreeCAD/Qt/6.8.3/gcc_64/lib/libQt6QuickDialogs2.prl
2026-10-05 00:07:47,269 - aqt.updater - INFO - updater 140279687826304 Patching /home/runner/work/FreeCAD/Qt/6.8.3/gcc_64/lib/libQt6QmlNetwork.prl
2026-10-05 00:07:47,270 - aqt.updater - INFO - updater 140279687826304 Patching /home/runner/work/FreeCAD/Qt/6.8.3/gcc_64/lib/libQt6QuickTemplates2.prl
2026-10-05 00:07:47,270 - aqt.updater - INFO - updater 140279687826304 Patching /home/runner/work/FreeCAD/Qt/6.8.3/gcc_64/lib/libQt6SvgWidgets.prl
2026-10-05 00:07:47,270 - aqt.updater - INFO - updater 140279687826304 Patching /home/runner/work/FreeCAD/Qt/6.8.3/gcc_64/lib/libQt6LabsAnimation.prl
2026-10-05 00:07:47,270 - aqt.updater - INFO - updater 140279687826304 Patching /home/runner/work/FreeCAD/Qt/6.8.3/gcc_64/lib/libQt6Help.prl
2026-10-05 00:07:47,271 - aqt.updater - INFO - updater 140279687826304 Patching /home/runner/work/FreeCAD/Qt/6.8.3/gcc_64/lib/libQt6Gui.prl
2026-10-05 00:07:47,271 - aqt.updater - INFO - updater 140279687826304 Patching /home/runner/work/FreeCAD/Qt/6.8.3/gcc_64/lib/libQt6QuickWidgets.prl
2026-10-05 00:07:47,271 - aqt.updater - INFO - updater 140279687826304 Patching /home/runner/work/FreeCAD/Qt/6.8.3/gcc_64/lib/libQt6OpenGL.prl
2026-10-05 00:07:47,272 - aqt.updater - INFO - updater 140279687826304 Patching /home/runner/work/FreeCAD/Qt/6.8.3/gcc_64/lib/libQt6EglFsKmsSupport.prl
2026-10-05 00:07:47,272 - aqt.updater - INFO - updater 140279687826304 Patching /home/runner/work/FreeCAD/Qt/6.8.3/gcc_64/lib/libQt6QuickTest.prl
2026-10-05 00:07:47,272 - aqt.updater - INFO - updater 140279687826304 Patching /home/runner/work/FreeCAD/Qt/6.8.3/gcc_64/lib/libQt6DesignerComponents.prl
2026-10-05 00:07:47,272 - aqt.updater - INFO - updater 140279687826304 Patching /home/runner/work/FreeCAD/Qt/6.8.3/gcc_64/lib/libQt6QuickControls2MaterialStyleImpl.prl
2026-10-05 00:07:47,273 - aqt.updater - INFO - updater 140279687826304 Patching /home/runner/work/FreeCAD/Qt/6.8.3/gcc_64/lib/libQt6QmlLocalStorage.prl
2026-10-05 00:07:47,273 - aqt.updater - INFO - updater 140279687826304 Patching /home/runner/work/FreeCAD/Qt/6.8.3/gcc_64/lib/libQt6UiTools.prl
2026-10-05 00:07:47,273 - aqt.updater - INFO - updater 140279687826304 Patching /home/runner/work/FreeCAD/Qt/6.8.3/gcc_64/lib/libQt6QuickControls2UniversalStyleImpl.prl
2026-10-05 00:07:47,273 - aqt.updater - INFO - updater 140279687826304 Patching /home/runner/work/FreeCAD/Qt/6.8.3/gcc_64/lib/libQt6EglFSDeviceIntegration.prl
2026-10-05 00:07:47,274 - aqt.updater - INFO - updater 140279687826304 Patching /home/runner/work/FreeCAD/Qt/6.8.3/gcc_64/lib/libQt6PacketProtocol.prl
2026-10-05 00:07:47,274 - aqt.updater - INFO - updater 140279687826304 Patching /home/runner/work/FreeCAD/Qt/6.8.3/gcc_64/lib/libQt6ExamplesAssetDownloader.prl
2026-10-05 00:07:47,274 - aqt.updater - INFO - updater 140279687826304 Patching /home/runner/work/FreeCAD/Qt/6.8.3/gcc_64/lib/libQt6Test.prl
2026-10-05 00:07:47,275 - aqt.updater - INFO - updater 140279687826304 Patching /home/runner/work/FreeCAD/Qt/6.8.3/gcc_64/lib/libQt6QmlDebug.prl
2026-10-05 00:07:47,275 - aqt.updater - INFO - updater 140279687826304 Patching /home/runner/work/FreeCAD/Qt/6.8.3/gcc_64/lib/libQt6QmlCompiler.prl
2026-10-05 00:07:47,275 - aqt.updater - INFO - updater 140279687826304 Patching /home/runner/work/FreeCAD/Qt/6.8.3/gcc_64/lib/libQt6Widgets.prl
2026-10-05 00:07:47,276 - aqt.updater - INFO - updater 140279687826304 Patching /home/runner/work/FreeCAD/Qt/6.8.3/gcc_64/lib/libQt6QuickShapes.prl
2026-10-05 00:07:47,276 - aqt.updater - INFO - updater 140279687826304 Patching /home/runner/work/FreeCAD/Qt/6.8.3/gcc_64/lib/libQt6QuickParticles.prl
2026-10-05 00:07:47,276 - aqt.updater - INFO - updater 140279687826304 Patching /home/runner/work/FreeCAD/Qt/6.8.3/gcc_64/lib/libQt6Network.prl
2026-10-05 00:07:47,277 - aqt.updater - INFO - updater 140279687826304 Patching /home/runner/work/FreeCAD/Qt/6.8.3/gcc_64/lib/libQt6QuickControls2Imagine.prl
2026-10-05 00:07:47,277 - aqt.updater - INFO - updater 140279687826304 Patching /home/runner/work/FreeCAD/Qt/6.8.3/gcc_64/lib/libQt6XcbQpa.prl
2026-10-05 00:07:47,277 - aqt.updater - INFO - updater 140279687826304 Patching /home/runner/work/FreeCAD/Qt/6.8.3/gcc_64/lib/libQt6QmlLS.prl
2026-10-05 00:07:47,277 - aqt.updater - INFO - updater 140279687826304 Patching /home/runner/work/FreeCAD/Qt/6.8.3/gcc_64/lib/libQt6Concurrent.prl
2026-10-05 00:07:47,278 - aqt.updater - INFO - updater 140279687826304 Patching /home/runner/work/FreeCAD/Qt/6.8.3/gcc_64/lib/libQt6QmlDom.prl
2026-10-05 00:07:47,278 - aqt.updater - INFO - updater 140279687826304 Patching /home/runner/work/FreeCAD/Qt/6.8.3/gcc_64/lib/libQt6QmlCore.prl
2026-10-05 00:07:47,278 - aqt.updater - INFO - updater 140279687826304 Patching /home/runner/work/FreeCAD/Qt/6.8.3/gcc_64/lib/libQt6Svg.prl
2026-10-05 00:07:47,279 - aqt.updater - INFO - updater 140279687826304 Patching /home/runner/work/FreeCAD/Qt/6.8.3/gcc_64/lib/libQt6LabsPlatform.prl
2026-10-05 00:07:47,279 - aqt.updater - INFO - updater 140279687826304 Patching /home/runner/work/FreeCAD/Qt/6.8.3/gcc_64/lib/libQt6EglFsKmsGbmSupport.prl
2026-10-05 00:07:47,279 - aqt.updater - INFO - updater 140279687826304 Patching /home/runner/work/FreeCAD/Qt/6.8.3/gcc_64/lib/libQt6QmlTypeRegistrar.prl
2026-10-05 00:07:47,280 - aqt.updater - INFO - updater 140279687826304 Patching /home/runner/work/FreeCAD/Qt/6.8.3/gcc_64/lib/libQt6InputSupport.prl
2026-10-05 00:07:47,280 - aqt.updater - INFO - updater 140279687826304 Patching /home/runner/work/FreeCAD/Qt/6.8.3/gcc_64/lib/libQt6DeviceDiscoverySupport.prl
2026-10-05 00:07:47,280 - aqt.updater - INFO - updater 140279687826304 Patching /home/runner/work/FreeCAD/Qt/6.8.3/gcc_64/lib/libQt6LabsSettings.prl
2026-10-05 00:07:47,281 - aqt.updater - INFO - updater 140279687826304 Patching /home/runner/work/FreeCAD/Qt/6.8.3/gcc_64/lib/libQt6QuickControlsTestUtils.prl
2026-10-05 00:07:47,281 - aqt.updater - INFO - updater 140279687826304 Patching /home/runner/work/FreeCAD/Qt/6.8.3/gcc_64/lib/libQt6QuickControls2BasicStyleImpl.prl
2026-10-05 00:07:47,281 - aqt.updater - INFO - updater 140279687826304 Patching /home/runner/work/FreeCAD/Qt/6.8.3/gcc_64/lib/libQt6DBus.prl
2026-10-05 00:07:47,281 - aqt.updater - INFO - updater 140279687826304 Patching /home/runner/work/FreeCAD/Qt/6.8.3/gcc_64/lib/libQt6Designer.prl
2026-10-05 00:07:47,282 - aqt.updater - INFO - updater 140279687826304 Patching /home/runner/work/FreeCAD/Qt/6.8.3/gcc_64/lib/libQt6Qml.prl
2026-10-05 00:07:47,282 - aqt.updater - INFO - updater 140279687826304 Patching /home/runner/work/FreeCAD/Qt/6.8.3/gcc_64/lib/libQt6LabsFolderListModel.prl
2026-10-05 00:07:47,282 - aqt.updater - INFO - updater 140279687826304 Patching /home/runner/work/FreeCAD/Qt/6.8.3/gcc_64/lib/libQt6OpenGLWidgets.prl
2026-10-05 00:07:47,283 - aqt.updater - INFO - updater 140279687826304 Patching /home/runner/work/FreeCAD/Qt/6.8.3/gcc_64/lib/libQt6QmlToolingSettings.prl
2026-10-05 00:07:47,283 - aqt.updater - INFO - updater 140279687826304 Patching /home/runner/work/FreeCAD/Qt/6.8.3/gcc_64/lib/libQt6QuickDialogs2Utils.prl
2026-10-05 00:07:47,283 - aqt.updater - INFO - updater 140279687826304 Patching /home/runner/work/FreeCAD/Qt/6.8.3/gcc_64/lib/libQt6QuickControls2.prl
2026-10-05 00:07:47,284 - aqt.updater - INFO - updater 140279687826304 Patching /home/runner/work/FreeCAD/Qt/6.8.3/gcc_64/lib/libQt6QuickControls2Material.prl
2026-10-05 00:07:47,284 - aqt.updater - INFO - updater 140279687826304 Patching /home/runner/work/FreeCAD/Qt/6.8.3/gcc_64/lib/libQt6LabsWavefrontMesh.prl
2026-10-05 00:07:47,284 - aqt.updater - INFO - updater 140279687826304 Patching /home/runner/work/FreeCAD/Qt/6.8.3/gcc_64/lib/libQt6FbSupport.prl
2026-10-05 00:07:47,284 - aqt.updater - INFO - updater 140279687826304 Patching /home/runner/work/FreeCAD/Qt/6.8.3/gcc_64/lib/libQt6QmlAssetDownloader.prl
2026-10-05 00:07:47,285 - aqt.updater - INFO - updater 140279687826304 Patching /home/runner/work/FreeCAD/Qt/6.8.3/gcc_64/lib/libQt6LabsSharedImage.prl
2026-10-05 00:07:47,285 - aqt.updater - INFO - updater 140279687826304 Patching /home/runner/work/FreeCAD/Qt/6.8.3/gcc_64/lib/libQt6WlShellIntegration.prl
2026-10-05 00:07:47,285 - aqt.updater - INFO - updater 140279687826304 Patching /home/runner/work/FreeCAD/Qt/6.8.3/gcc_64/lib/libQt6Quick.prl
2026-10-05 00:07:47,286 - aqt.updater - INFO - updater 140279687826304 Patching /home/runner/work/FreeCAD/Qt/6.8.3/gcc_64/lib/libQt6QuickControls2Impl.prl
2026-10-05 00:07:47,286 - aqt.updater - INFO - updater 140279687826304 Patching /home/runner/work/FreeCAD/Qt/6.8.3/gcc_64/lib/libQt6Core.prl
2026-10-05 00:07:47,286 - aqt.updater - INFO - updater 140279687826304 Patching /home/runner/work/FreeCAD/Qt/6.8.3/gcc_64/lib/libQt6QmlModels.prl
2026-10-05 00:07:47,286 - aqt.updater - INFO - updater 140279687826304 Patching /home/runner/work/FreeCAD/Qt/6.8.3/gcc_64/lib/libQt6QuickVectorImageGenerator.prl
2026-10-05 00:07:47,287 - aqt.updater - INFO - updater 140279687826304 Patching /home/runner/work/FreeCAD/Qt/6.8.3/gcc_64/lib/libQt6QmlMeta.prl
2026-10-05 00:07:47,287 - aqt.main - INFO - installer 140279687826304 Finished installation
2026-10-05 00:07:47,287 - aqt.main - INFO - installer 140279687826304 Time elapsed: 19.01733862 second
